0 verbose cli /usr/local/bin/node /usr/local/bin/npm
1 info using npm@11.6.2
2 info using node@v24.13.0
3 silly config load:file:/usr/local/lib/node_modules/npm/npmrc
4 silly config load:file:/Users/neosoft/StudioProjects/vibe coding/travel_expense_backend/.npmrc
5 silly config load:file:/Users/neosoft/.npmrc
6 silly config load:file:/usr/local/etc/npmrc
7 verbose title npm install @types/bcrypt @types/passport-jwt @types/multer
8 verbose argv "install" "--cache" "/Users/neosoft/StudioProjects/vibe coding/.npm-cache" "--save-dev" "@types/bcrypt" "@types/passport-jwt" "@types/multer"
9 verbose logfile logs-max:10 dir:/Users/neosoft/StudioProjects/vibe coding/.npm-cache/_logs/2026-06-05T03_56_30_490Z-
10 verbose logfile /Users/neosoft/StudioProjects/vibe coding/.npm-cache/_logs/2026-06-05T03_56_30_490Z-debug-0.log
11 silly logfile done cleaning log files
12 silly packumentCache heap:4496293888 maxSize:1124073472 maxEntrySize:562036736
13 silly idealTree buildDeps
14 silly fetch manifest @types/bcrypt@*
15 silly packumentCache full:https://registry.npmjs.org/@types%2fbcrypt cache-miss
16 http fetch GET 200 https://registry.npmjs.org/@types%2fbcrypt 385ms (cache miss)
17 silly packumentCache full:https://registry.npmjs.org/@types%2fbcrypt set size:undefined disposed:false
18 silly fetch manifest @types/passport-jwt@*
19 silly packumentCache full:https://registry.npmjs.org/@types%2fpassport-jwt cache-miss
20 http fetch GET 200 https://registry.npmjs.org/@types%2fpassport-jwt 754ms (cache miss)
21 silly packumentCache full:https://registry.npmjs.org/@types%2fpassport-jwt set size:undefined disposed:false
22 silly fetch manifest @types/multer@*
23 silly packumentCache full:https://registry.npmjs.org/@types%2fmulter cache-miss
24 http fetch GET 200 https://registry.npmjs.org/@types%2fmulter 489ms (cache miss)
25 silly packumentCache full:https://registry.npmjs.org/@types%2fmulter set size:undefined disposed:false
26 silly placeDep ROOT @types/bcrypt@6.0.0 OK for: travel_expense_backend@0.0.1 want: *
27 silly placeDep ROOT @types/multer@2.1.0 OK for: travel_expense_backend@0.0.1 want: *
28 silly placeDep ROOT @types/passport-jwt@4.0.1 OK for: travel_expense_backend@0.0.1 want: *
29 silly fetch manifest @types/jsonwebtoken@*
30 silly packumentCache full:https://registry.npmjs.org/@types%2fjsonwebtoken cache-miss
31 silly fetch manifest @types/passport-strategy@*
32 silly packumentCache full:https://registry.npmjs.org/@types%2fpassport-strategy cache-miss
33 http cache https://registry.npmjs.org/@types%2fjsonwebtoken 7ms (cache hit)
34 silly packumentCache full:https://registry.npmjs.org/@types%2fjsonwebtoken set size:129919 disposed:false
35 http fetch GET 200 https://registry.npmjs.org/@types%2fpassport-strategy 481ms (cache miss)
36 silly packumentCache full:https://registry.npmjs.org/@types%2fpassport-strategy set size:undefined disposed:false
37 silly fetch manifest @emnapi/core@^1.7.1
38 silly packumentCache full:https://registry.npmjs.org/@emnapi%2fcore cache-miss
39 http cache https://registry.npmjs.org/@emnapi%2fcore 3ms (cache hit)
40 silly packumentCache full:https://registry.npmjs.org/@emnapi%2fcore set size:108001 disposed:false
41 silly fetch manifest @emnapi/runtime@^1.7.1
42 silly packumentCache full:https://registry.npmjs.org/@emnapi%2fruntime cache-miss
43 http cache https://registry.npmjs.org/@emnapi%2fruntime 2ms (cache hit)
44 silly packumentCache full:https://registry.npmjs.org/@emnapi%2fruntime set size:109985 disposed:false
45 silly placeDep ROOT @emnapi/core@1.10.0 OK for: @napi-rs/wasm-runtime@1.1.4 want: ^1.7.1
46 silly placeDep ROOT @emnapi/runtime@1.10.0 OK for: @napi-rs/wasm-runtime@1.1.4 want: ^1.7.1
47 silly placeDep ROOT @types/jsonwebtoken@9.0.10 OK for: @types/passport-jwt@4.0.1 want: *
48 silly placeDep ROOT @types/passport-strategy@0.2.38 OK for: @types/passport-jwt@4.0.1 want: *
49 silly fetch manifest @types/ms@*
50 silly packumentCache full:https://registry.npmjs.org/@types%2fms cache-miss
51 silly fetch manifest @types/passport@*
52 silly packumentCache full:https://registry.npmjs.org/@types%2fpassport cache-miss
53 http cache https://registry.npmjs.org/@types%2fms 4ms (cache hit)
54 silly packumentCache full:https://registry.npmjs.org/@types%2fms set size:24399 disposed:false
55 http fetch GET 200 https://registry.npmjs.org/@types%2fpassport 43ms (cache miss)
56 silly packumentCache full:https://registry.npmjs.org/@types%2fpassport set size:undefined disposed:false
57 silly placeDep ROOT @types/ms@2.1.0 OK for: @types/jsonwebtoken@9.0.10 want: *
58 silly placeDep ROOT @types/passport@1.0.17 OK for: @types/passport-strategy@0.2.38 want: *
59 silly reify moves {}
60 silly audit bulk request {
60 silly audit   '@angular-devkit/core': [ '19.2.24' ],
60 silly audit   ajv: [ '8.18.0', '8.20.0', '6.15.0' ],
60 silly audit   'json-schema-traverse': [ '1.0.0', '0.4.1' ],
60 silly audit   rxjs: [ '7.8.1', '7.8.2' ],
60 silly audit   '@angular-devkit/schematics': [ '19.2.24' ],
60 silly audit   '@angular-devkit/schematics-cli': [ '19.2.24' ],
60 silly audit   '@inquirer/prompts': [ '7.3.2', '7.10.1' ],
60 silly audit   '@babel/code-frame': [ '7.29.7' ],
60 silly audit   '@babel/compat-data': [ '7.29.7' ],
60 silly audit   '@babel/core': [ '7.29.7' ],
60 silly audit   semver: [ '6.3.1', '7.8.2' ],
60 silly audit   '@babel/generator': [ '7.29.7' ],
60 silly audit   '@babel/helper-compilation-targets': [ '7.29.7' ],
60 silly audit   '@babel/helper-globals': [ '7.29.7' ],
60 silly audit   '@babel/helper-module-imports': [ '7.29.7' ],
60 silly audit   '@babel/helper-module-transforms': [ '7.29.7' ],
60 silly audit   '@babel/helper-plugin-utils': [ '7.29.7' ],
60 silly audit   '@babel/helper-string-parser': [ '7.29.7' ],
60 silly audit   '@babel/helper-validator-identifier': [ '7.29.7' ],
60 silly audit   '@babel/helper-validator-option': [ '7.29.7' ],
60 silly audit   '@babel/helpers': [ '7.29.7' ],
60 silly audit   '@babel/parser': [ '7.29.7' ],
60 silly audit   '@babel/plugin-syntax-async-generators': [ '7.8.4' ],
60 silly audit   '@babel/plugin-syntax-bigint': [ '7.8.3' ],
60 silly audit   '@babel/plugin-syntax-class-properties': [ '7.12.13' ],
60 silly audit   '@babel/plugin-syntax-class-static-block': [ '7.14.5' ],
60 silly audit   '@babel/plugin-syntax-import-attributes': [ '7.29.7' ],
60 silly audit   '@babel/plugin-syntax-import-meta': [ '7.10.4' ],
60 silly audit   '@babel/plugin-syntax-json-strings': [ '7.8.3' ],
60 silly audit   '@babel/plugin-syntax-jsx': [ '7.29.7' ],
60 silly audit   '@babel/plugin-syntax-logical-assignment-operators': [ '7.10.4' ],
60 silly audit   '@babel/plugin-syntax-nullish-coalescing-operator': [ '7.8.3' ],
60 silly audit   '@babel/plugin-syntax-numeric-separator': [ '7.10.4' ],
60 silly audit   '@babel/plugin-syntax-object-rest-spread': [ '7.8.3' ],
60 silly audit   '@babel/plugin-syntax-optional-catch-binding': [ '7.8.3' ],
60 silly audit   '@babel/plugin-syntax-optional-chaining': [ '7.8.3' ],
60 silly audit   '@babel/plugin-syntax-private-property-in-object': [ '7.14.5' ],
60 silly audit   '@babel/plugin-syntax-top-level-await': [ '7.14.5' ],
60 silly audit   '@babel/plugin-syntax-typescript': [ '7.29.7' ],
60 silly audit   '@babel/template': [ '7.29.7' ],
60 silly audit   '@babel/traverse': [ '7.29.7' ],
60 silly audit   '@babel/types': [ '7.29.7' ],
60 silly audit   '@bcoe/v8-coverage': [ '0.2.3' ],
60 silly audit   '@borewit/text-codec': [ '0.2.2' ],
60 silly audit   '@colors/colors': [ '1.5.0' ],
60 silly audit   '@cspotcode/source-map-support': [ '0.8.1' ],
60 silly audit   '@jridgewell/trace-mapping': [ '0.3.9', '0.3.31' ],
60 silly audit   '@emnapi/wasi-threads': [ '1.2.1' ],
60 silly audit   '@eslint-community/eslint-utils': [ '4.9.1' ],
60 silly audit   'eslint-visitor-keys': [ '3.4.3', '5.0.1', '4.2.1' ],
60 silly audit   '@eslint-community/regexpp': [ '4.12.2' ],
60 silly audit   '@eslint/config-array': [ '0.21.2' ],
60 silly audit   '@eslint/config-helpers': [ '0.4.2' ],
60 silly audit   '@eslint/core': [ '0.17.0' ],
60 silly audit   '@eslint/eslintrc': [ '3.3.5' ],
60 silly audit   globals: [ '14.0.0', '17.6.0' ],
60 silly audit   '@eslint/js': [ '9.39.4' ],
60 silly audit   '@eslint/object-schema': [ '2.1.7' ],
60 silly audit   '@eslint/plugin-kit': [ '0.4.1' ],
60 silly audit   '@humanfs/core': [ '0.19.2' ],
60 silly audit   '@humanfs/node': [ '0.16.8' ],
60 silly audit   '@humanfs/types': [ '0.15.0' ],
60 silly audit   '@humanwhocodes/module-importer': [ '1.0.1' ],
60 silly audit   '@humanwhocodes/retry': [ '0.4.3' ],
60 silly audit   '@inquirer/ansi': [ '1.0.2' ],
60 silly audit   '@inquirer/checkbox': [ '4.3.2' ],
60 silly audit   '@inquirer/confirm': [ '5.1.21' ],
60 silly audit   '@inquirer/core': [ '10.3.2' ],
60 silly audit   '@inquirer/editor': [ '4.2.23' ],
60 silly audit   '@inquirer/expand': [ '4.0.23' ],
60 silly audit   '@inquirer/external-editor': [ '1.0.3' ],
60 silly audit   '@inquirer/figures': [ '1.0.15' ],
60 silly audit   '@inquirer/input': [ '4.3.1' ],
60 silly audit   '@inquirer/number': [ '3.0.23' ],
60 silly audit   '@inquirer/password': [ '4.0.23' ],
60 silly audit   '@inquirer/rawlist': [ '4.1.11' ],
60 silly audit   '@inquirer/search': [ '3.2.2' ],
60 silly audit   '@inquirer/select': [ '4.4.2' ],
60 silly audit   '@inquirer/type': [ '3.0.10' ],
60 silly audit   '@isaacs/cliui': [ '8.0.2' ],
60 silly audit   'ansi-regex': [ '6.2.2', '5.0.1' ],
60 silly audit   'ansi-styles': [ '6.2.3', '4.3.0', '5.2.0' ],
60 silly audit   'emoji-regex': [ '9.2.2', '8.0.0' ],
60 silly audit   'string-width': [ '5.1.2', '4.2.3' ],
60 silly audit   'strip-ansi': [ '7.2.0', '6.0.1' ],
60 silly audit   'wrap-ansi': [ '8.1.0', '7.0.0', '6.2.0' ],
60 silly audit   '@istanbuljs/load-nyc-config': [ '1.1.0' ],
60 silly audit   argparse: [ '1.0.10', '2.0.1' ],
60 silly audit   'find-up': [ '4.1.0', '5.0.0' ],
60 silly audit   'js-yaml': [ '3.14.2', '4.2.0' ],
60 silly audit   'locate-path': [ '5.0.0', '6.0.0' ],
60 silly audit   'p-limit': [ '2.3.0', '3.1.0' ],
60 silly audit   'p-locate': [ '4.1.0', '5.0.0' ],
60 silly audit   'resolve-from': [ '5.0.0', '4.0.0' ],
60 silly audit   '@istanbuljs/schema': [ '0.1.6' ],
60 silly audit   '@jest/console': [ '30.4.1' ],
60 silly audit   '@jest/core': [ '30.4.2' ],
60 silly audit   '@jest/diff-sequences': [ '30.4.0' ],
60 silly audit   '@jest/environment': [ '30.4.1' ],
60 silly audit   '@jest/expect': [ '30.4.1' ],
60 silly audit   '@jest/expect-utils': [ '30.4.1' ],
60 silly audit   '@jest/fake-timers': [ '30.4.1' ],
60 silly audit   '@jest/get-type': [ '30.1.0' ],
60 silly audit   '@jest/globals': [ '30.4.1' ],
60 silly audit   '@jest/pattern': [ '30.4.0' ],
60 silly audit   '@jest/reporters': [ '30.4.1' ],
60 silly audit   'brace-expansion': [ '2.1.1', '5.0.6', '1.1.15' ],
60 silly audit   glob: [ '10.5.0', '13.0.6', '7.2.3' ],
60 silly audit   'lru-cache': [ '10.4.3', '5.1.1', '11.5.1' ],
60 silly audit   minimatch: [ '9.0.9', '10.2.5', '3.1.5' ],
60 silly audit   'path-scurry': [ '1.11.1', '2.0.2' ],
60 silly audit   '@jest/schemas': [ '30.4.1' ],
60 silly audit   '@jest/snapshot-utils': [ '30.4.1' ],
60 silly audit   '@jest/source-map': [ '30.0.1' ],
60 silly audit   '@jest/test-result': [ '30.4.1' ],
60 silly audit   '@jest/test-sequencer': [ '30.4.1' ],
60 silly audit   '@jest/transform': [ '30.4.1' ],
60 silly audit   '@jest/types': [ '30.4.1' ],
60 silly audit   '@jridgewell/gen-mapping': [ '0.3.13' ],
60 silly audit   '@jridgewell/remapping': [ '2.3.5' ],
60 silly audit   '@jridgewell/resolve-uri': [ '3.1.2' ],
60 silly audit   '@jridgewell/source-map': [ '0.3.11' ],
60 silly audit   '@jridgewell/sourcemap-codec': [ '1.5.5' ],
60 silly audit   '@lukeed/csprng': [ '1.1.0' ],
60 silly audit   '@napi-rs/wasm-runtime': [ '1.1.4' ],
60 silly audit   '@nestjs/cli': [ '11.0.21' ],
60 silly audit   'ajv-formats': [ '2.1.1', '3.0.1' ],
60 silly audit   'ajv-keywords': [ '5.1.0', '3.5.2' ],
60 silly audit   'eslint-scope': [ '5.1.1', '8.4.0' ],
60 silly audit   estraverse: [ '4.3.0', '5.3.0' ],
60 silly audit   'mime-db': [ '1.52.0', '1.54.0' ],
60 silly audit   'mime-types': [ '2.1.35', '3.0.2' ],
60 silly audit   'schema-utils': [ '4.3.3', '3.3.0' ],
60 silly audit   webpack: [ '5.106.0', '5.107.2' ],
60 silly audit   '@nestjs/common': [ '11.1.24' ],
60 silly audit   '@nestjs/core': [ '11.1.24' ],
60 silly audit   '@nestjs/platform-express': [ '11.1.24' ],
60 silly audit   '@nestjs/schematics': [ '11.1.0' ],
60 silly audit   '@nestjs/testing': [ '11.1.24' ],
60 silly audit   '@noble/hashes': [ '1.8.0' ],
60 silly audit   '@nuxt/opencollective': [ '0.4.1' ],
60 silly audit   '@paralleldrive/cuid2': [ '2.3.1' ],
60 silly audit   '@pkgjs/parseargs': [ '0.11.0' ],
60 silly audit   '@pkgr/core': [ '0.3.6' ],
60 silly audit   '@sinclair/typebox': [ '0.34.49' ],
60 silly audit   '@sinonjs/commons': [ '3.0.1' ],
60 silly audit   '@sinonjs/fake-timers': [ '15.4.0' ],
60 silly audit   '@tokenizer/inflate': [ '0.4.1' ],
60 silly audit   '@tokenizer/token': [ '0.3.0' ],
60 silly audit   '@tsconfig/node10': [ '1.0.12' ],
60 silly audit   '@tsconfig/node12': [ '1.0.11' ],
60 silly audit   '@tsconfig/node14': [ '1.0.3' ],
60 silly audit   '@tsconfig/node16': [ '1.0.4' ],
60 silly audit   '@tybys/wasm-util': [ '0.10.2' ],
60 silly audit   '@types/babel__core': [ '7.20.5' ],
60 silly audit   '@types/babel__generator': [ '7.27.0' ],
60 silly audit   '@types/babel__template': [ '7.4.4' ],
60 silly audit   '@types/babel__traverse': [ '7.28.0' ],
60 silly audit   '@types/body-parser': [ '1.19.6' ],
60 silly audit   '@types/connect': [ '3.4.38' ],
60 silly audit   '@types/cookiejar': [ '2.1.5' ],
60 silly audit   '@types/eslint': [ '9.6.1' ],
60 silly audit   '@types/eslint-scope': [ '3.7.7' ],
60 silly audit   '@types/estree': [ '1.0.9' ],
60 silly audit   '@types/express': [ '5.0.6' ],
60 silly audit   '@types/express-serve-static-core': [ '5.1.1' ],
60 silly audit   '@types/http-errors': [ '2.0.5' ],
60 silly audit   '@types/istanbul-lib-coverage': [ '2.0.6' ],
60 silly audit   '@types/istanbul-lib-report': [ '3.0.3' ],
60 silly audit   '@types/istanbul-reports': [ '3.0.4' ],
60 silly audit   '@types/jest': [ '30.0.0' ],
60 silly audit   '@types/json-schema': [ '7.0.15' ],
60 silly audit   '@types/methods': [ '1.1.4' ],
60 silly audit   '@types/node': [ '24.13.0' ],
60 silly audit   '@types/qs': [ '6.15.1' ],
60 silly audit   '@types/range-parser': [ '1.2.7' ],
60 silly audit   '@types/send': [ '1.2.1' ],
60 silly audit   '@types/serve-static': [ '2.2.0' ],
60 silly audit   '@types/stack-utils': [ '2.0.3' ],
60 silly audit   '@types/superagent': [ '8.1.10' ],
60 silly audit   '@types/supertest': [ '7.2.0' ],
60 silly audit   '@types/yargs': [ '17.0.35' ],
60 silly audit   '@types/yargs-parser': [ '21.0.3' ],
60 silly audit   '@typescript-eslint/eslint-plugin': [ '8.60.1' ],
60 silly audit   ignore: [ '7.0.5', '5.3.2' ],
60 silly audit   '@typescript-eslint/parser': [ '8.60.1' ],
60 silly audit   '@typescript-eslint/project-service': [ '8.60.1' ],
60 silly audit   '@typescript-eslint/scope-manager': [ '8.60.1' ],
60 silly audit   '@typescript-eslint/tsconfig-utils': [ '8.60.1' ],
60 silly audit   '@typescript-eslint/type-utils': [ '8.60.1' ],
60 silly audit   '@typescript-eslint/types': [ '8.60.1' ],
60 silly audit   '@typescript-eslint/typescript-estree': [ '8.60.1' ],
60 silly audit   'balanced-match': [ '4.0.4', '1.0.2' ],
60 silly audit   '@typescript-eslint/utils': [ '8.60.1' ],
60 silly audit   '@typescript-eslint/visitor-keys': [ '8.60.1' ],
60 silly audit   '@ungap/structured-clone': [ '1.3.1' ],
60 silly audit   '@unrs/resolver-binding-android-arm-eabi': [ '1.12.2' ],
60 silly audit   '@unrs/resolver-binding-android-arm64': [ '1.12.2' ],
60 silly audit   '@unrs/resolver-binding-darwin-arm64': [ '1.12.2' ],
60 silly audit   '@unrs/resolver-binding-darwin-x64': [ '1.12.2' ],
60 silly audit   '@unrs/resolver-binding-freebsd-x64': [ '1.12.2' ],
60 silly audit   '@unrs/resolver-binding-linux-arm-gnueabihf': [ '1.12.2' ],
60 silly audit   '@unrs/resolver-binding-linux-arm-musleabihf': [ '1.12.2' ],
60 silly audit   '@unrs/resolver-binding-linux-arm64-gnu': [ '1.12.2' ],
60 silly audit   '@unrs/resolver-binding-linux-arm64-musl': [ '1.12.2' ],
60 silly audit   '@unrs/resolver-binding-linux-loong64-gnu': [ '1.12.2' ],
60 silly audit   '@unrs/resolver-binding-linux-loong64-musl': [ '1.12.2' ],
60 silly audit   '@unrs/resolver-binding-linux-ppc64-gnu': [ '1.12.2' ],
60 silly audit   '@unrs/resolver-binding-linux-riscv64-gnu': [ '1.12.2' ],
60 silly audit   '@unrs/resolver-binding-linux-riscv64-musl': [ '1.12.2' ],
60 silly audit   '@unrs/resolver-binding-linux-s390x-gnu': [ '1.12.2' ],
60 silly audit   '@unrs/resolver-binding-linux-x64-gnu': [ '1.12.2' ],
60 silly audit   '@unrs/resolver-binding-linux-x64-musl': [ '1.12.2' ],
60 silly audit   '@unrs/resolver-binding-openharmony-arm64': [ '1.12.2' ],
60 silly audit   '@unrs/resolver-binding-wasm32-wasi': [ '1.12.2' ],
60 silly audit   '@unrs/resolver-binding-win32-arm64-msvc': [ '1.12.2' ],
60 silly audit   '@unrs/resolver-binding-win32-ia32-msvc': [ '1.12.2' ],
60 silly audit   '@unrs/resolver-binding-win32-x64-msvc': [ '1.12.2' ],
60 silly audit   '@webassemblyjs/ast': [ '1.14.1' ],
60 silly audit   '@webassemblyjs/floating-point-hex-parser': [ '1.13.2' ],
60 silly audit   '@webassemblyjs/helper-api-error': [ '1.13.2' ],
60 silly audit   '@webassemblyjs/helper-buffer': [ '1.14.1' ],
60 silly audit   '@webassemblyjs/helper-numbers': [ '1.13.2' ],
60 silly audit   '@webassemblyjs/helper-wasm-bytecode': [ '1.13.2' ],
60 silly audit   '@webassemblyjs/helper-wasm-section': [ '1.14.1' ],
60 silly audit   '@webassemblyjs/ieee754': [ '1.13.2' ],
60 silly audit   '@webassemblyjs/leb128': [ '1.13.2' ],
60 silly audit   '@webassemblyjs/utf8': [ '1.13.2' ],
60 silly audit   '@webassemblyjs/wasm-edit': [ '1.14.1' ],
60 silly audit   '@webassemblyjs/wasm-gen': [ '1.14.1' ],
60 silly audit   '@webassemblyjs/wasm-opt': [ '1.14.1' ],
60 silly audit   '@webassemblyjs/wasm-parser': [ '1.14.1' ],
60 silly audit   '@webassemblyjs/wast-printer': [ '1.14.1' ],
60 silly audit   '@xtuc/ieee754': [ '1.2.0' ],
60 silly audit   '@xtuc/long': [ '4.2.2' ],
60 silly audit   accepts: [ '2.0.0' ],
60 silly audit   acorn: [ '8.16.0' ],
60 silly audit   'acorn-import-phases': [ '1.0.4' ],
60 silly audit   'acorn-jsx': [ '5.3.2' ],
60 silly audit   'acorn-walk': [ '8.3.5' ],
60 silly audit   'ansi-colors': [ '4.1.3' ],
60 silly audit   'ansi-escapes': [ '4.3.2' ],
60 silly audit   ansis: [ '4.2.0' ],
60 silly audit   anymatch: [ '3.1.3' ],
60 silly audit   picomatch: [ '2.3.2', '4.0.4' ],
60 silly audit   'append-field': [ '1.0.0' ],
60 silly audit   arg: [ '4.1.3' ],
60 silly audit   'array-timsort': [ '1.0.3' ],
60 silly audit   asap: [ '2.0.6' ],
60 silly audit   asynckit: [ '0.4.0' ],
60 silly audit   'babel-jest': [ '30.4.1' ],
60 silly audit   'babel-plugin-istanbul': [ '7.0.1' ],
60 silly audit   'babel-plugin-jest-hoist': [ '30.4.0' ],
60 silly audit   'babel-preset-current-node-syntax': [ '1.2.0' ],
60 silly audit   'babel-preset-jest': [ '30.4.0' ],
60 silly audit   'base64-js': [ '1.5.1' ],
60 silly audit   'baseline-browser-mapping': [ '2.10.33' ],
60 silly audit   bl: [ '4.1.0' ],
60 silly audit   'body-parser': [ '2.2.2' ],
60 silly audit   braces: [ '3.0.3' ],
60 silly audit   browserslist: [ '4.28.2' ],
60 silly audit   'bs-logger': [ '0.2.6' ],
60 silly audit   bser: [ '2.1.1' ],
60 silly audit   buffer: [ '5.7.1' ],
60 silly audit   'buffer-from': [ '1.1.2' ],
60 silly audit   busboy: [ '1.6.0' ],
60 silly audit   bytes: [ '3.1.2' ],
60 silly audit   'call-bind-apply-helpers': [ '1.0.2' ],
60 silly audit   'call-bound': [ '1.0.4' ],
60 silly audit   callsites: [ '3.1.0' ],
60 silly audit   camelcase: [ '5.3.1', '6.3.0' ],
60 silly audit   'caniuse-lite': [ '1.0.30001793' ],
60 silly audit   chalk: [ '4.1.2' ],
60 silly audit   'char-regex': [ '1.0.2' ],
60 silly audit   chardet: [ '2.1.1' ],
60 silly audit   chokidar: [ '4.0.3' ],
60 silly audit   'chrome-trace-event': [ '1.0.4' ],
60 silly audit   'ci-info': [ '4.4.0' ],
60 silly audit   'cjs-module-lexer': [ '2.2.0' ],
60 silly audit   'cli-cursor': [ '3.1.0' ],
60 silly audit   'cli-spinners': [ '2.9.2' ],
60 silly audit   'cli-table3': [ '0.6.5' ],
60 silly audit   'cli-width': [ '4.1.0' ],
60 silly audit   cliui: [ '8.0.1' ],
60 silly audit   clone: [ '1.0.4' ],
60 silly audit   co: [ '4.6.0' ],
60 silly audit   'collect-v8-coverage': [ '1.0.3' ],
60 silly audit   'color-convert': [ '2.0.1' ],
60 silly audit   'color-name': [ '1.1.4' ],
60 silly audit   'combined-stream': [ '1.0.8' ],
60 silly audit   commander: [ '4.1.1', '2.20.3' ],
60 silly audit   'comment-json': [ '5.0.0' ],
60 silly audit   'component-emitter': [ '1.3.1' ],
60 silly audit   'concat-map': [ '0.0.1' ],
60 silly audit   'concat-stream': [ '2.0.0' ],
60 silly audit   consola: [ '3.4.2' ],
60 silly audit   'content-disposition': [ '1.1.0' ],
60 silly audit   'content-type': [ '1.0.5', '2.0.0' ],
60 silly audit   'convert-source-map': [ '2.0.0' ],
60 silly audit   cookie: [ '0.7.2' ],
60 silly audit   'cookie-signature': [ '1.2.2' ],
60 silly audit   cookiejar: [ '2.1.4' ],
60 silly audit   cors: [ '2.8.6' ],
60 silly audit   cosmiconfig: [ '8.3.6' ],
60 silly audit   'create-require': [ '1.1.1' ],
60 silly audit   'cross-spawn': [ '7.0.6' ],
60 silly audit   debug: [ '4.4.3' ],
60 silly audit   dedent: [ '1.7.2' ],
60 silly audit   'deep-is': [ '0.1.4' ],
60 silly audit   deepmerge: [ '4.3.1' ],
60 silly audit   defaults: [ '1.0.4' ],
60 silly audit   'delayed-stream': [ '1.0.0' ],
60 silly audit   depd: [ '2.0.0' ],
60 silly audit   'detect-newline': [ '3.1.0' ],
60 silly audit   dezalgo: [ '1.0.4' ],
60 silly audit   diff: [ '4.0.4' ],
60 silly audit   'dunder-proto': [ '1.0.1' ],
60 silly audit   eastasianwidth: [ '0.2.0' ],
60 silly audit   'ee-first': [ '1.1.1' ],
60 silly audit   'electron-to-chromium': [ '1.5.368' ],
60 silly audit   emittery: [ '0.13.1' ],
60 silly audit   encodeurl: [ '2.0.0' ],
60 silly audit   'enhanced-resolve': [ '5.22.2' ],
60 silly audit   'error-ex': [ '1.3.4' ],
60 silly audit   'es-define-property': [ '1.0.1' ],
60 silly audit   'es-errors': [ '1.3.0' ],
60 silly audit   'es-module-lexer': [ '2.1.0' ],
60 silly audit   'es-object-atoms': [ '1.1.2' ],
60 silly audit   'es-set-tostringtag': [ '2.1.0' ],
60 silly audit   escalade: [ '3.2.0' ],
60 silly audit   'escape-html': [ '1.0.3' ],
60 silly audit   'escape-string-regexp': [ '4.0.0', '2.0.0' ],
60 silly audit   eslint: [ '9.39.4' ],
60 silly audit   'eslint-config-prettier': [ '10.1.8' ],
60 silly audit   'eslint-plugin-prettier': [ '5.5.6' ],
60 silly audit   espree: [ '10.4.0' ],
60 silly audit   esprima: [ '4.0.1' ],
60 silly audit   esquery: [ '1.7.0' ],
60 silly audit   esrecurse: [ '4.3.0' ],
60 silly audit   esutils: [ '2.0.3' ],
60 silly audit   etag: [ '1.8.1' ],
60 silly audit   events: [ '3.3.0' ],
60 silly audit   execa: [ '5.1.1' ],
60 silly audit   'signal-exit': [ '3.0.7', '4.1.0' ],
60 silly audit   'exit-x': [ '0.2.2' ],
60 silly audit   expect: [ '30.4.1' ],
60 silly audit   express: [ '5.2.1' ],
60 silly audit   'fast-deep-equal': [ '3.1.3' ],
60 silly audit   'fast-diff': [ '1.3.0' ],
60 silly audit   'fast-json-stable-stringify': [ '2.1.0' ],
60 silly audit   'fast-levenshtein': [ '2.0.6' ],
60 silly audit   'fast-safe-stringify': [ '2.1.1' ],
60 silly audit   'fast-uri': [ '3.1.2' ],
60 silly audit   'fb-watchman': [ '2.0.2' ],
60 silly audit   fdir: [ '6.5.0' ],
60 silly audit   'file-entry-cache': [ '8.0.0' ],
60 silly audit   'file-type': [ '21.3.4' ],
60 silly audit   'fill-range': [ '7.1.1' ],
60 silly audit   finalhandler: [ '2.1.1' ],
60 silly audit   'flat-cache': [ '4.0.1' ],
60 silly audit   flatted: [ '3.4.2' ],
60 silly audit   'foreground-child': [ '3.3.1' ],
60 silly audit   'fork-ts-checker-webpack-plugin': [ '9.1.0' ],
60 silly audit   'form-data': [ '4.0.5' ],
60 silly audit   formidable: [ '3.5.4' ],
60 silly audit   forwarded: [ '0.2.0' ],
60 silly audit   fresh: [ '2.0.0' ],
60 silly audit   'fs-extra': [ '10.1.0' ],
60 silly audit   'fs-monkey': [ '1.1.0' ],
60 silly audit   'fs.realpath': [ '1.0.0' ],
60 silly audit   fsevents: [ '2.3.3' ],
60 silly audit   'function-bind': [ '1.1.2' ],
60 silly audit   gensync: [ '1.0.0-beta.2' ],
60 silly audit   'get-caller-file': [ '2.0.5' ],
60 silly audit   'get-intrinsic': [ '1.3.0' ],
60 silly audit   'get-package-type': [ '0.1.0' ],
60 silly audit   'get-proto': [ '1.0.1' ],
60 silly audit   'get-stream': [ '6.0.1' ],
60 silly audit   'glob-parent': [ '6.0.2' ],
60 silly audit   'glob-to-regexp': [ '0.4.1' ],
60 silly audit   gopd: [ '1.2.0' ],
60 silly audit   'graceful-fs': [ '4.2.11' ],
60 silly audit   handlebars: [ '4.7.9' ],
60 silly audit   'source-map': [ '0.6.1', '0.7.4' ],
60 silly audit   'has-flag': [ '4.0.0' ],
60 silly audit   'has-symbols': [ '1.1.0' ],
60 silly audit   'has-tostringtag': [ '1.0.2' ],
60 silly audit   hasown: [ '2.0.4' ],
60 silly audit   'html-escaper': [ '2.0.2' ],
60 silly audit   'http-errors': [ '2.0.1' ],
60 silly audit   'human-signals': [ '2.1.0' ],
60 silly audit   'iconv-lite': [ '0.7.2' ],
60 silly audit   ieee754: [ '1.2.1' ],
60 silly audit   'import-fresh': [ '3.3.1' ],
60 silly audit   'import-local': [ '3.2.0' ],
60 silly audit   imurmurhash: [ '0.1.4' ],
60 silly audit   inflight: [ '1.0.6' ],
60 silly audit   inherits: [ '2.0.4' ],
60 silly audit   'ipaddr.js': [ '1.9.1' ],
60 silly audit   'is-arrayish': [ '0.2.1' ],
60 silly audit   'is-extglob': [ '2.1.1' ],
60 silly audit   'is-fullwidth-code-point': [ '3.0.0' ],
60 silly audit   'is-generator-fn': [ '2.1.0' ],
60 silly audit   'is-glob': [ '4.0.3' ],
60 silly audit   'is-interactive': [ '1.0.0' ],
60 silly audit   'is-number': [ '7.0.0' ],
60 silly audit   'is-promise': [ '4.0.0' ],
60 silly audit   'is-stream': [ '2.0.1' ],
60 silly audit   'is-unicode-supported': [ '0.1.0' ],
60 silly audit   isexe: [ '2.0.0' ],
60 silly audit   'istanbul-lib-coverage': [ '3.2.2' ],
60 silly audit   'istanbul-lib-instrument': [ '6.0.3' ],
60 silly audit   'istanbul-lib-report': [ '3.0.1' ],
60 silly audit   'istanbul-lib-source-maps': [ '5.0.6' ],
60 silly audit   'istanbul-reports': [ '3.2.0' ],
60 silly audit   iterare: [ '1.2.1' ],
60 silly audit   jackspeak: [ '3.4.3' ],
60 silly audit   jest: [ '30.4.2' ],
60 silly audit   'jest-changed-files': [ '30.4.1' ],
60 silly audit   'jest-circus': [ '30.4.2' ],
60 silly audit   'jest-cli': [ '30.4.2' ],
60 silly audit   'jest-config': [ '30.4.2' ],
60 silly audit   'jest-diff': [ '30.4.1' ],
60 silly audit   'jest-docblock': [ '30.4.0' ],
60 silly audit   'jest-each': [ '30.4.1' ],
60 silly audit   'jest-environment-node': [ '30.4.1' ],
60 silly audit   'jest-haste-map': [ '30.4.1' ],
60 silly audit   'jest-leak-detector': [ '30.4.1' ],
60 silly audit   'jest-matcher-utils': [ '30.4.1' ],
60 silly audit   'jest-message-util': [ '30.4.1' ],
60 silly audit   'jest-mock': [ '30.4.1' ],
60 silly audit   'jest-pnp-resolver': [ '1.2.3' ],
60 silly audit   'jest-regex-util': [ '30.4.0' ],
60 silly audit   'jest-resolve': [ '30.4.1' ],
60 silly audit   'jest-resolve-dependencies': [ '30.4.2' ],
60 silly audit   'jest-runner': [ '30.4.2' ],
60 silly audit   'source-map-support': [ '0.5.13', '0.5.21' ],
60 silly audit   'jest-runtime': [ '30.4.2' ],
60 silly audit   'jest-snapshot': [ '30.4.1' ],
60 silly audit   'jest-util': [ '30.4.1' ],
60 silly audit   'jest-validate': [ '30.4.1' ],
60 silly audit   'jest-watcher': [ '30.4.1' ],
60 silly audit   'jest-worker': [ '30.4.1', '27.5.1' ],
60 silly audit   'supports-color': [ '8.1.1', '7.2.0' ],
60 silly audit   'js-tokens': [ '4.0.0' ],
60 silly audit   jsesc: [ '3.1.0' ],
60 silly audit   'json-buffer': [ '3.0.1' ],
60 silly audit   'json-parse-even-better-errors': [ '2.3.1' ],
60 silly audit   'json-stable-stringify-without-jsonify': [ '1.0.1' ],
60 silly audit   json5: [ '2.2.3' ],
60 silly audit   'jsonc-parser': [ '3.3.1' ],
60 silly audit   jsonfile: [ '6.2.1' ],
60 silly audit   keyv: [ '4.5.4' ],
60 silly audit   leven: [ '3.1.0' ],
60 silly audit   levn: [ '0.4.1' ],
60 silly audit   'lines-and-columns': [ '1.2.4' ],
60 silly audit   'load-esm': [ '1.0.3' ],
60 silly audit   'loader-runner': [ '4.3.2' ],
60 silly audit   lodash: [ '4.18.1' ],
60 silly audit   'lodash.memoize': [ '4.1.2' ],
60 silly audit   'lodash.merge': [ '4.6.2' ],
60 silly audit   'log-symbols': [ '4.1.0' ],
60 silly audit   'magic-string': [ '0.30.17' ],
60 silly audit   'make-dir': [ '4.0.0' ],
60 silly audit   'make-error': [ '1.3.6' ],
60 silly audit   makeerror: [ '1.0.12' ],
60 silly audit   'math-intrinsics': [ '1.1.0' ],
60 silly audit   'media-typer': [ '1.1.0', '0.3.0' ],
60 silly audit   memfs: [ '3.5.3' ],
60 silly audit   'merge-descriptors': [ '2.0.0' ],
60 silly audit   'merge-stream': [ '2.0.0' ],
60 silly audit   methods: [ '1.1.2' ],
60 silly audit   micromatch: [ '4.0.8' ],
60 silly audit   mime: [ '2.6.0' ],
60 silly audit   'mimic-fn': [ '2.1.0' ],
60 silly audit   minimist: [ '1.2.8' ],
60 silly audit   minipass: [ '7.1.3' ],
60 silly audit   ms: [ '2.1.3' ],
60 silly audit   multer: [ '2.1.1' ],
60 silly audit   'type-is': [ '1.6.18', '2.1.0' ],
60 silly audit   'mute-stream': [ '2.0.0' ],
60 silly audit   'napi-postinstall': [ '0.3.4' ],
60 silly audit   'natural-compare': [ '1.4.0' ],
60 silly audit   negotiator: [ '1.0.0' ],
60 silly audit   'neo-async': [ '2.6.2' ],
60 silly audit   'node-abort-controller': [ '3.1.1' ],
60 silly audit   'node-emoji': [ '1.11.0' ],
60 silly audit   'node-int64': [ '0.4.0' ],
60 silly audit   'node-releases': [ '2.0.47' ],
60 silly audit   'normalize-path': [ '3.0.0' ],
60 silly audit   'npm-run-path': [ '4.0.1' ],
60 silly audit   'object-assign': [ '4.1.1' ],
60 silly audit   'object-inspect': [ '1.13.4' ],
60 silly audit   'on-finished': [ '2.4.1' ],
60 silly audit   once: [ '1.4.0' ],
60 silly audit   onetime: [ '5.1.2' ],
60 silly audit   optionator: [ '0.9.4' ],
60 silly audit   ora: [ '5.4.1' ],
60 silly audit   'p-try': [ '2.2.0' ],
60 silly audit   'package-json-from-dist': [ '1.0.1' ],
60 silly audit   'parent-module': [ '1.0.1' ],
60 silly audit   'parse-json': [ '5.2.0' ],
60 silly audit   parseurl: [ '1.3.3' ],
60 silly audit   'path-exists': [ '4.0.0' ],
60 silly audit   'path-is-absolute': [ '1.0.1' ],
60 silly audit   'path-key': [ '3.1.1' ],
60 silly audit   'path-to-regexp': [ '8.4.2' ],
60 silly audit   'path-type': [ '4.0.0' ],
60 silly audit   picocolors: [ '1.1.1' ],
60 silly audit   pirates: [ '4.0.7' ],
60 silly audit   'pkg-dir': [ '4.2.0' ],
60 silly audit   pluralize: [ '8.0.0' ],
60 silly audit   'prelude-ls': [ '1.2.1' ],
60 silly audit   prettier: [ '3.8.3' ],
60 silly audit   'prettier-linter-helpers': [ '1.0.1' ],
60 silly audit   'pretty-format': [ '30.4.1' ],
60 silly audit   'proxy-addr': [ '2.0.7' ],
60 silly audit   punycode: [ '2.3.1' ],
60 silly audit   'pure-rand': [ '7.0.1' ],
60 silly audit   qs: [ '6.15.2' ],
60 silly audit   'range-parser': [ '1.2.1' ],
60 silly audit   'raw-body': [ '3.0.2' ],
60 silly audit   'react-is': [ '18.3.1', '19.2.7' ],
60 silly audit   'readable-stream': [ '3.6.2' ],
60 silly audit   readdirp: [ '4.1.2' ],
60 silly audit   'reflect-metadata': [ '0.2.2' ],
60 silly audit   'require-directory': [ '2.1.1' ],
60 silly audit   'require-from-string': [ '2.0.2' ],
60 silly audit   'resolve-cwd': [ '3.0.0' ],
60 silly audit   'restore-cursor': [ '3.1.0' ],
60 silly audit   router: [ '2.2.0' ],
60 silly audit   'safe-buffer': [ '5.2.1' ],
60 silly audit   'safer-buffer': [ '2.1.2' ],
60 silly audit   send: [ '1.2.1' ],
60 silly audit   'serve-static': [ '2.2.1' ],
60 silly audit   setprototypeof: [ '1.2.0' ],
60 silly audit   'shebang-command': [ '2.0.0' ],
60 silly audit   'shebang-regex': [ '3.0.0' ],
60 silly audit   'side-channel': [ '1.1.0' ],
60 silly audit   'side-channel-list': [ '1.0.1' ],
60 silly audit   'side-channel-map': [ '1.0.1' ],
60 silly audit   'side-channel-weakmap': [ '1.0.2' ],
60 silly audit   slash: [ '3.0.0' ],
60 silly audit   'sprintf-js': [ '1.0.3' ],
60 silly audit   'stack-utils': [ '2.0.6' ],
60 silly audit   statuses: [ '2.0.2' ],
60 silly audit   streamsearch: [ '1.1.0' ],
60 silly audit   string_decoder: [ '1.3.0' ],
60 silly audit   'string-length': [ '4.0.2' ],
60 silly audit   'strip-bom': [ '4.0.0', '3.0.0' ],
60 silly audit   'strip-final-newline': [ '2.0.0' ],
60 silly audit   'strip-json-comments': [ '3.1.1' ],
60 silly audit   strtok3: [ '10.3.5' ],
60 silly audit   superagent: [ '10.3.0' ],
60 silly audit   supertest: [ '7.2.2' ],
60 silly audit   'symbol-observable': [ '4.0.0' ],
60 silly audit   synckit: [ '0.11.13' ],
60 silly audit   tapable: [ '2.3.3' ],
60 silly audit   terser: [ '5.48.0' ],
60 silly audit   'terser-webpack-plugin': [ '5.6.1' ],
60 silly audit   'test-exclude': [ '6.0.0' ],
60 silly audit   tinyglobby: [ '0.2.17' ],
60 silly audit   tmpl: [ '1.0.5' ],
60 silly audit   'to-regex-range': [ '5.0.1' ],
60 silly audit   toidentifier: [ '1.0.1' ],
60 silly audit   'token-types': [ '6.1.2' ],
60 silly audit   'ts-api-utils': [ '2.5.0' ],
60 silly audit   'ts-jest': [ '29.4.11' ],
60 silly audit   'type-fest': [ '4.41.0', '0.21.3' ],
60 silly audit   'ts-loader': [ '9.6.0' ],
60 silly audit   'ts-node': [ '10.9.2' ],
60 silly audit   'tsconfig-paths': [ '4.2.0' ],
60 silly audit   'tsconfig-paths-webpack-plugin': [ '4.2.0' ],
60 silly audit   tslib: [ '2.8.1' ],
60 silly audit   'type-check': [ '0.4.0' ],
60 silly audit   'type-detect': [ '4.0.8' ],
60 silly audit   typedarray: [ '0.0.6' ],
60 silly audit   typescript: [ '5.9.3' ],
60 silly audit   'typescript-eslint': [ '8.60.1' ],
60 silly audit   'uglify-js': [ '3.19.3' ],
60 silly audit   uid: [ '2.0.2' ],
60 silly audit   'uint8array-extras': [ '1.5.0' ],
60 silly audit   'undici-types': [ '7.18.2' ],
60 silly audit   universalify: [ '2.0.1' ],
60 silly audit   unpipe: [ '1.0.0' ],
60 silly audit   'unrs-resolver': [ '1.12.2' ],
60 silly audit   'update-browserslist-db': [ '1.2.3' ],
60 silly audit   'uri-js': [ '4.4.1' ],
60 silly audit   'util-deprecate': [ '1.0.2' ],
60 silly audit   'v8-compile-cache-lib': [ '3.0.1' ],
60 silly audit   'v8-to-istanbul': [ '9.3.0' ],
60 silly audit   vary: [ '1.1.2' ],
60 silly audit   walker: [ '1.0.8' ],
60 silly audit   watchpack: [ '2.5.1' ],
60 silly audit   wcwidth: [ '1.0.1' ],
60 silly audit   'webpack-node-externals': [ '3.0.0' ],
60 silly audit   'webpack-sources': [ '3.5.0' ],
60 silly audit   which: [ '2.0.2' ],
60 silly audit   'word-wrap': [ '1.2.5' ],
60 silly audit   wordwrap: [ '1.0.0' ],
60 silly audit   wrappy: [ '1.0.2' ],
60 silly audit   'write-file-atomic': [ '5.0.1' ],
60 silly audit   y18n: [ '5.0.8' ],
60 silly audit   yallist: [ '3.1.1' ],
60 silly audit   yargs: [ '17.7.2' ],
60 silly audit   'yargs-parser': [ '21.1.1' ],
60 silly audit   yn: [ '3.1.1' ],
60 silly audit   'yocto-queue': [ '0.1.0' ],
60 silly audit   'yoctocolors-cjs': [ '2.1.3' ],
60 silly audit   '@types/bcrypt': [ '6.0.0' ],
60 silly audit   '@types/multer': [ '2.1.0' ],
60 silly audit   '@types/passport-jwt': [ '4.0.1' ],
60 silly audit   '@types/jsonwebtoken': [ '9.0.10' ],
60 silly audit   '@types/passport-strategy': [ '0.2.38' ],
60 silly audit   '@types/ms': [ '2.1.0' ],
60 silly audit   '@types/passport': [ '1.0.17' ]
60 silly audit }
61 http cache @types/ms@https://registry.npmjs.org/@types/ms/-/ms-2.1.0.tgz 0ms (cache hit)
62 http cache @types/passport@https://registry.npmjs.org/@types/passport/-/passport-1.0.17.tgz 0ms (cache hit)
63 http cache @types/passport-jwt@https://registry.npmjs.org/@types/passport-jwt/-/passport-jwt-4.0.1.tgz 0ms (cache hit)
64 http cache @types/passport-strategy@https://registry.npmjs.org/@types/passport-strategy/-/passport-strategy-0.2.38.tgz 0ms (cache hit)
65 http cache @types/multer@https://registry.npmjs.org/@types/multer/-/multer-2.1.0.tgz 0ms (cache hit)
66 http cache @types/bcrypt@https://registry.npmjs.org/@types/bcrypt/-/bcrypt-6.0.0.tgz 0ms (cache hit)
67 http cache @types/jsonwebtoken@https://registry.npmjs.org/@types/jsonwebtoken/-/jsonwebtoken-9.0.10.tgz 0ms (cache hit)
68 silly tarball no local data for @types/ms@https://registry.npmjs.org/@types/ms/-/ms-2.1.0.tgz. Extracting by manifest.
69 silly tarball no local data for @types/passport@https://registry.npmjs.org/@types/passport/-/passport-1.0.17.tgz. Extracting by manifest.
70 silly tarball no local data for @types/passport-jwt@https://registry.npmjs.org/@types/passport-jwt/-/passport-jwt-4.0.1.tgz. Extracting by manifest.
71 silly tarball no local data for @types/passport-strategy@https://registry.npmjs.org/@types/passport-strategy/-/passport-strategy-0.2.38.tgz. Extracting by manifest.
72 silly tarball no local data for @types/multer@https://registry.npmjs.org/@types/multer/-/multer-2.1.0.tgz. Extracting by manifest.
73 silly tarball no local data for @types/bcrypt@https://registry.npmjs.org/@types/bcrypt/-/bcrypt-6.0.0.tgz. Extracting by manifest.
74 silly tarball no local data for @types/jsonwebtoken@https://registry.npmjs.org/@types/jsonwebtoken/-/jsonwebtoken-9.0.10.tgz. Extracting by manifest.
75 http fetch GET 200 https://registry.npmjs.org/@types/bcrypt/-/bcrypt-6.0.0.tgz 130ms (cache miss)
76 http fetch GET 200 https://registry.npmjs.org/@types/ms/-/ms-2.1.0.tgz 136ms (cache miss)
77 http fetch GET 200 https://registry.npmjs.org/@types/jsonwebtoken/-/jsonwebtoken-9.0.10.tgz 134ms (cache miss)
78 http fetch POST 200 https://registry.npmjs.org/-/npm/v1/security/advisories/bulk 297ms
79 silly audit report {}
80 http fetch GET 200 https://registry.npmjs.org/@types/multer/-/multer-2.1.0.tgz 347ms (cache miss)
81 http fetch GET 200 https://registry.npmjs.org/@types/passport-jwt/-/passport-jwt-4.0.1.tgz 359ms (cache miss)
82 http fetch GET 200 https://registry.npmjs.org/@types/passport/-/passport-1.0.17.tgz 360ms (cache miss)
83 http fetch GET 200 https://registry.npmjs.org/@types/passport-strategy/-/passport-strategy-0.2.38.tgz 373ms (cache miss)
84 silly ADD node_modules/@types/passport
85 silly ADD node_modules/@types/ms
86 silly ADD node_modules/@types/passport-strategy
87 silly ADD node_modules/@types/jsonwebtoken
88 silly ADD node_modules/@types/passport-jwt
89 silly ADD node_modules/@types/multer
90 silly ADD node_modules/@types/bcrypt
91 verbose cwd /Users/neosoft/StudioProjects/vibe coding/travel_expense_backend
92 verbose os Darwin 25.1.0
93 verbose node v24.13.0
94 verbose npm  v11.6.2
95 verbose exit 0
96 info ok
